// Jest Snapshot v1, https://goo.gl/fbAQLP

exports[`Tests navigation Bar Tests navigation Bar component 1`] = `
<div>
  <Bootstrap(undefined)
    className="homenav fixed-top"
  >
    <NavbarBrand>
      <b
        className="brand"
      >
        Authors Haven
      </b>
    </NavbarBrand>
    <NavbarCollapse>
      <Nav
        className="justify-content-end"
        fill={false}
        justify={false}
        style={
          Object {
            "width": "100%",
          }
        }
      >
        <NavItem>
          <Button
            active={false}
            className="buttons"
            disabled={false}
            onClick={[MockFunction]}
            type="button"
            variant="danger"
          >
            Join now
          </Button>
        </NavItem>
        <NavItem>
          <Button
            active={false}
            className="buttons"
            disabled={false}
            type="button"
            variant="outline-light"
          >
            Sign In
          </Button>
        </NavItem>
      </Nav>
    </NavbarCollapse>
  </Bootstrap(undefined)>
</div>
`;
