// Jest Snapshot v1, https://goo.gl/fbAQLP

exports[`Tests PasswordResetConfirmContainer Test mounting of component 1`] = `
<Router
  history={
    Object {
      "action": "POP",
      "block": [Function],
      "createHref": [Function],
      "go": [Function],
      "goBack": [Function],
      "goForward": [Function],
      "length": 1,
      "listen": [Function],
      "location": Object {
        "hash": "",
        "pathname": "/",
        "search": "",
        "state": undefined,
      },
      "push": [Function],
      "replace": [Function],
    }
  }
>
  <Provider
    store={
      Object {
        "clearActions": [Function],
        "dispatch": [Function],
        "getActions": [Function],
        "getState": [Function],
        "replaceReducer": [Function],
        "subscribe": [Function],
      }
    }
  >
    <Home
      history={
        Object {
          "action": "POP",
          "block": [Function],
          "createHref": [Function],
          "go": [Function],
          "goBack": [Function],
          "goForward": [Function],
          "length": 1,
          "listen": [Function],
          "location": Object {
            "hash": "",
            "pathname": "/",
            "search": "",
            "state": undefined,
          },
          "push": [Function],
          "replace": [Function],
        }
      }
    >
      <div>
        <div
          className="background"
        >
          <Container
            className="homepage"
            fluid={false}
          >
            <div
              className="homepage container"
            >
              <HomePage>
                <div
                  className="columns"
                >
                  <Bootstrap(Row)>
                    <Row
                      bsPrefix="row"
                      noGutters={false}
                    >
                      <div
                        className="row"
                      >
                        <Col
                          className="col"
                        >
                          <div
                            className="col col"
                          >
                            <Container
                              fluid={false}
                            >
                              <div
                                className="container"
                              >
                                <br />
                                <br />
                                <h1
                                  className="homepage"
                                >
                                  Welcome to your articles Community
                                </h1>
                                <br />
                              </div>
                            </Container>
                            <Container
                              className="home"
                              fluid={false}
                            >
                              <div
                                className="home container"
                              >
                                <p>
                                  <b>
                                    Who is Authors Haven for?
                                  </b>
                                </p>
                                <p>
                                  Anyone looking to inspire and be inspired by ideas
                                </p>
                                <p>
                                  Join fellow authors and enthusiasts in Authors Haven
                                </p>
                              </div>
                            </Container>
                          </div>
                        </Col>
                      </div>
                    </Row>
                  </Bootstrap(Row)>
                </div>
              </HomePage>
            </div>
          </Container>
        </div>
        <div
          className="row"
        >
          <div
            className="col"
          >
            <Connect(Articles)>
              <Articles
                allArticles={
                  Object {
                    "articles": Array [],
                    "error": Object {},
                  }
                }
                getAllArticles={[Function]}
              >
                <div>
                  <TopRatedArticles
                    topArticles={Array []}
                  >
                    <div
                      className="quotes position-fixed cardwidth cardmargins"
                    >
                      <div
                        className="box box1"
                      >
                        <h6>
                          <b>
                            TOP RATED ARTICLES
                          </b>
                        </h6>
                      </div>
                    </div>
                  </TopRatedArticles>
                </div>
              </Articles>
            </Connect(Articles)>
          </div>
          <div
            className="col"
          >
            <Connect(Posts)>
              <Posts
                getNextPages={[Function]}
                getPages={[Function]}
                post={
                  Object {
                    "editpost": Array [],
                    "loading": false,
                    "pages": Array [],
                    "pagination": Object {},
                    "post": Object {},
                    "posts": Array [],
                  }
                }
              >
                <div>
                  <div
                    className="post-feed"
                  >
                    <br />
                  </div>
                  <Connect(PaginationContainer)
                    allowUnique={false}
                    currentPage={1}
                    handleClick={[Function]}
                    handleLink={[Function]}
                    pageNumbers={Array []}
                  >
                    <PaginationContainer
                      allowUnique={false}
                      currentPage={1}
                      getPages={[Function]}
                      handleClick={[Function]}
                      handleLink={[Function]}
                      pageNumbers={Array []}
                      post={
                        Object {
                          "editpost": Array [],
                          "loading": false,
                          "pages": Array [],
                          "pagination": Object {},
                          "post": Object {},
                          "posts": Array [],
                        }
                      }
                    >
                      <div
                        className="pagination pagination-lg shadow p-3  bg-white rounded"
                      >
                        <nav
                          aria-label="Page navigation"
                        >
                          <ul
                            className="pagination"
                          />
                        </nav>
                      </div>
                    </PaginationContainer>
                  </Connect(PaginationContainer)>
                  <br />
                  <br />
                  <br />
                  <br />
                </div>
              </Posts>
            </Connect(Posts)>
          </div>
          <div
            className="col mt-2"
          >
            <PopularArticles>
              <div
                className="quotes position-fixed cardwidth"
              >
                <div
                  className="box box1"
                >
                  <h5>
                    POPULAR ARTICLES
                  </h5>
                  <hr />
                  <Link
                    to="#null"
                  >
                    <a
                      href="/#null"
                      onClick={[Function]}
                    >
                      Cras justo odio
                    </a>
                  </Link>
                  <hr />
                  <Link
                    to="#null"
                  >
                    <a
                      href="/#null"
                      onClick={[Function]}
                    >
                      Dapibus ac facilisis in
                    </a>
                  </Link>
                  <hr />
                  <Link
                    to="#null"
                  >
                    <a
                      href="/#null"
                      onClick={[Function]}
                    >
                      Vestibulum at eros
                    </a>
                  </Link>
                  <hr />
                  <Link
                    to="#null"
                  >
                    <a
                      href="/#null"
                      onClick={[Function]}
                    >
                      Vestibulum at eros
                    </a>
                  </Link>
                </div>
              </div>
            </PopularArticles>
          </div>
        </div>
      </div>
    </Home>
  </Provider>
</Router>
`;
