// Jest Snapshot v1, https://goo.gl/fbAQLP

exports[`Tests dummy navigation Bar Tests dummy navigation Bar component 1`] = `
<div>
  <Bootstrap(undefined)
    className="homenav fixed-top"
  >
    <NavbarBrand>
      <b
        className="brand"
      >
        Authors Haven
      </b>
    </NavbarBrand>
    <NavbarCollapse>
      <Nav
        className="justify-content-end"
        fill={false}
        justify={false}
        style={
          Object {
            "width": "100%",
          }
        }
      >
        <NavItem>
          <Link
            to="/profile"
          >
            <Button
              active={false}
              className="buttons prifile-button"
              disabled={false}
              type="button"
              variant="outline-light"
            >
              Profile
            </Button>
          </Link>
        </NavItem>
        <NavItem>
          <Button
            active={false}
            className="buttons"
            disabled={false}
            type="button"
            variant="outline-light"
          >
            Log out
          </Button>
        </NavItem>
      </Nav>
    </NavbarCollapse>
  </Bootstrap(undefined)>
</div>
`;
