// Jest Snapshot v1, https://goo.gl/fbAQLP

exports[`<LoginForm/> renders login form component 1`] = `
<Router
  history={
    Object {
      "action": "POP",
      "block": [Function],
      "createHref": [Function],
      "go": [Function],
      "goBack": [Function],
      "goForward": [Function],
      "length": 1,
      "listen": [Function],
      "location": Object {
        "hash": "",
        "pathname": "/",
        "search": "",
        "state": undefined,
      },
      "push": [Function],
      "replace": [Function],
    }
  }
>
  <LogInForm
    closeModal={[MockFunction]}
    handleChange={[MockFunction]}
    handleSignInSubmit={[MockFunction]}
    signInError={false}
    signindata={
      Object {
        "email": "testsignin@gmail.com",
        "errors": Object {},
      }
    }
  >
    <form
      className="modal-form"
      name="modal-form"
      onSubmit={[MockFunction]}
    >
      <div>
        <input
          className="form-control "
          name="email"
          onChange={[MockFunction]}
          onKeyUp={[Function]}
          placeholder="Email"
          type="email"
        />
        <input
          className="form-control "
          name="password"
          onChange={[MockFunction]}
          onKeyUp={[Function]}
          placeholder="Password"
          type="password"
        />
        <div
          className="invalid-feedback"
        />
        <input
          className="form-control btn"
          disabled={true}
          id="signInSubmit"
          type="submit"
          value="SIGN IN"
        />
        <div
          className="reset-div"
        >
          <Link
            className="passreset-link"
            onClick={[MockFunction]}
            to="/reset"
          >
            <a
              className="passreset-link"
              href="/reset"
              onClick={[Function]}
            >
              Forgot Password?
            </a>
          </Link>
        </div>
      </div>
    </form>
  </LogInForm>
</Router>
`;
