// Jest Snapshot v1, https://goo.gl/fbAQLP

exports[`<Form/> renders form component 1`] = `
<Form
  handleChange={[MockFunction]}
  handleSubmit={[MockFunction]}
>
  <form
    className="modal-form"
    onSubmit={[MockFunction]}
  >
    <input
      className="form-control"
      name="email"
      onChange={[MockFunction]}
      placeholder="Email"
      required={true}
      type="email"
    />
    <input
      className="form-control"
      name="username"
      onChange={[MockFunction]}
      placeholder="Username"
      required={true}
      type="text"
    />
    <input
      className="form-control"
      name="password"
      onChange={[MockFunction]}
      placeholder="Password"
      required={true}
      type="password"
    />
    <input
      className="form-control"
      name="password_confirm"
      onChange={[MockFunction]}
      placeholder="Confirm Password"
      required={true}
      type="password"
    />
    <input
      className="form-control btn"
      type="submit"
      value="SIGN UP"
    />
  </form>
</Form>
`;
